// Jest Snapshot v1, https://goo.gl/fbAQLP

exports[`<MealPage /> should render the MealPage component 1`] = `
<div>
  <Connect(MealSummary) />
</div>
`;
